// Jest Snapshot v1, https://goo.gl/fbAQLP

exports[`Smoke and snapshot tests should match snapshot 1`] = `
<DocumentFragment>
  <form>
    <label
      for="task"
    >
      Todo:
    </label>
    <input
      id="task"
      name="task"
      type="text"
      value=""
    />
    <button>
      Add
    </button>
  </form>
</DocumentFragment>
`;
